
> frontend@0.0.0 build
> vite build

[36mvite v5.4.21 [32mbuilding for production...[36m[39m
transforming...
[32mΓ£ô[39m 1755 modules transformed.
node.exe : [31mx[39m 
Build failed in 2.80s
At C:\Program Files\nod
ejs\npm.ps1:29 char:3
+   & $NODE_EXE 
$NPM_CLI_JS $args
+   ~~~~~~~~~~~~~~~~~~~
~~~~~~~~~~
    + CategoryInfo     
         : NotSpecifi  
  ed: ([31mx[39m B   
 uild failed in 2.8    
0s:String) [], Rem    
oteException
    + FullyQualifiedEr 
   rorId : NativeComm  
  andError
 
[31merror during 
build:
[31msrc/pages/LearnISL
.jsx (9:7): "default" 
is not exported by "src
/components/learning/Mo
duleTest.jsx", 
imported by "src/pages/
LearnISL.jsx".[31m
file: [36mC:/Users/Adi
tya/Desktop/IDP/signbri
dge/frontend/src/pages/
LearnISL.jsx:9:7[31m
[33m
 7: import 
LearningPath from '../c
omponents/learning/Lear
ningPath';
 8: import 
DailyGoalHeader from '.
./components/learning/D
ailyGoalHeader';
 9: import ModuleTest 
from '../components/lea
rning/ModuleTest';
           ^
10: import { useAuth } 
from '../context/AuthCo
ntext';
11: import { 
useNavigate } from 
'react-router-dom';
[31m
    at getRollupError (
file:///C:/Users/Aditya
/Desktop/IDP/signbridge
/frontend/node_modules/
rollup/dist/es/shared/p
arseAst.js:402:41)
    at error (file:///C
:/Users/Aditya/Desktop/
IDP/signbridge/frontend
/node_modules/rollup/di
st/es/shared/parseAst.j
s:398:42)
    at Module.error (fi
le:///C:/Users/Aditya/D
esktop/IDP/signbridge/f
rontend/node_modules/ro
llup/dist/es/shared/nod
e-entry.js:17040:16)
    at 
Module.traceVariable (f
ile:///C:/Users/Aditya/
Desktop/IDP/signbridge/
frontend/node_modules/r
ollup/dist/es/shared/no
de-entry.js:17452:29)
    at ModuleScope.find
Variable (file:///C:/Us
ers/Aditya/Desktop/IDP/
signbridge/frontend/nod
e_modules/rollup/dist/e
s/shared/node-entry.js:
15070:39)
    at ReturnValueScope
.findVariable (file:///
C:/Users/Aditya/Desktop
/IDP/signbridge/fronten
d/node_modules/rollup/d
ist/es/shared/node-entr
y.js:5673:38)
    at FunctionBodyScop
e.findVariable (file://
/C:/Users/Aditya/Deskto
p/IDP/signbridge/fronte
nd/node_modules/rollup/
dist/es/shared/node-ent
ry.js:5673:38)
    at Identifier.bind 
(file:///C:/Users/Adity
a/Desktop/IDP/signbridg
e/frontend/node_modules
/rollup/dist/es/shared/
node-entry.js:5447:40)
    at 
CallExpression.bind (fi
le:///C:/Users/Aditya/D
esktop/IDP/signbridge/f
rontend/node_modules/ro
llup/dist/es/shared/nod
e-entry.js:2825:28)
    at 
CallExpression.bind (fi
le:///C:/Users/Aditya/D
esktop/IDP/signbridge/f
rontend/node_modules/ro
llup/dist/es/shared/nod
e-entry.js:12179:15)[3
9m
